// Jest Snapshot v1, https://goo.gl/fbAQLP

exports[`renders a message 1`] = `
<div
  style="margin-top: 0.25rem; margin-bottom: 0.25rem; border-bottom: 1px solid #eee;"
/>
`;
